// 重构日志: 8fe36731
// 重构日志: 4ea88efa
// 重构日志: 93318254
// 同步 ID: ff348094 @ Sun Jul 12 14:18:12 UTC 2026
// 重构日志: a95875f9
// 重构日志: b984d0ae
// 同步 ID: 86566773 @ Mon Jul 13 18:35:55 UTC 2026
// 重构日志: 44751e55
// 同步 ID: c50d2498 @ Wed Jul 15 03:55:20 UTC 2026
// 重构日志: 654c883e
// 重构日志: e7e63cc9
// 同步 ID: 182737bc @ Fri Jul 17 12:40:55 UTC 2026
// 同步 ID: 6dbc581f @ Sat Jul 18 11:12:48 UTC 2026
// 重构日志: 8cd56c50
// 重构日志: 85e64d9a
// 重构日志: 743136e5
// 重构日志: 2798704e
// 同步 ID: 70233843 @ Mon Jul 20 14:37:31 UTC 2026
// 重构日志: 375a69c2
// 重构日志: 914429ab
// 重构日志: 75f9a0d7
// 同步 ID: d25ca635 @ Thu Jul 23 00:17:15 UTC 2026
// 重构日志: 2e479b8a
// 同步 ID: 716a93a5 @ Fri Jul 24 09:41:34 UTC 2026
// 同步 ID: d5285bdc @ Sat Jul 25 09:44:37 UTC 2026
// 重构日志: 144e8fd8
// 同步 ID: 05b83ec0 @ Sun Jul 26 00:41:06 UTC 2026
// 同步 ID: 6e8c99d0 @ Sun Jul 26 10:50:04 UTC 2026
// 同步 ID: 313e4202 @ Sun Jul 26 22:58:20 UTC 2026
// 同步 ID: a46a48a3 @ Mon Jul 27 00:25:20 UTC 2026
// 重构日志: 9705de18
// 重构日志: ef0af5fc
